MO controlador_display NULL controlador_display.v vlg00/controlador__display.bin 1464049249
MO prueba_1_asc NULL prueba_1_asc.v vlg6D/prueba__1__asc.bin 1464049249
MO prueba_2_asc NULL prueba_2_asc.v vlg5E/prueba__2__asc.bin 1464049249
MO main NULL main.v vlg2D/main.bin 1464049249
MO controlador_LEDs NULL controlador_LEDs.v vlg2A/controlador___l_e_ds.bin 1464049249
